// Jest Snapshot v1, https://goo.gl/fbAQLP

exports[`Parse ISO String should return null 1`] = `null`;

exports[`Parse ISO String should return the string of iso date (2018-05-16T15:30:15+0000 = Wed May 16 2018) 1`] = `"Wed May 16 2018"`;
